// Jest Snapshot v1, https://goo.gl/fbAQLP

exports[`should show App component 1`] = `
<div
  className="MuiContainer-root MuiContainer-maxWidthSm"
>
  <div
    className="MuiBox-root MuiBox-root-9"
  >
    <h1
      className="MuiTypography-root makeStyles-loader-8 MuiTypography-h4 MuiTypography-gutterBottom"
    >
      <div
        className="MuiLinearProgress-root MuiLinearProgress-colorPrimary MuiLinearProgress-indeterminate"
        data-testid="linear-progress-id"
        role="progressbar"
      >
        <div
          className="MuiLinearProgress-bar MuiLinearProgress-barColorPrimary MuiLinearProgress-bar1Indeterminate"
          style={Object {}}
        />
        <div
          className="MuiLinearProgress-bar MuiLinearProgress-bar2Indeterminate MuiLinearProgress-barColorPrimary"
          style={Object {}}
        />
      </div>
    </h1>
  </div>
</div>
`;
